// Vitest Snapshot v1, https://vitest.dev/guide/snapshot.html

exports[`Cache Integrity - Snapshot > deve gerar um snapshot das query keys usadas para escrita de deals 1`] = `
{
  "CRMContext.tsx": [
    "dealsViewKey",
    "dealsViewKey",
    "dealsViewKey",
  ],
  "DealsContext.tsx": [
    "dealsViewKey",
    "dealsViewKey",
  ],
  "useDealsQuery.ts": [
    "dealsViewKey",
    "dealsViewKey",
    "dealsViewKey",
    "[...queryKeys.deals.detail(id",
    "dealsViewKey",
    "dealsViewKey",
  ],
  "useMoveDeal.ts": [
    "dealsViewKey",
    "[...queryKeys.deals.detail(dealId",
  ],
  "useRealtimeSync.ts": [
    "dealsViewKey",
    "dealsViewKey",
  ],
}
`;
